WASM Module:aot_func#0	8	static
WASM Module:aot_func#1	8	static
WASM Module:aot_func_internal#1	8	static
WASM Module:aot_func#2	8	static
WASM Module:aot_func_internal#2	24	static
WASM Module:aot_func#3	8	static
WASM Module:aot_func_internal#3	24	static
WASM Module:aot_func#4	8	static
WASM Module:aot_func_internal#4	0	static
WASM Module:aot_func#5	8	static
WASM Module:aot_func_internal#5	40	static
WASM Module:aot_func#6	8	static
WASM Module:aot_func_internal#6	24	static
WASM Module:aot_func#7	8	static
WASM Module:aot_func_internal#7	40	static
WASM Module:aot_func#8	8	static
WASM Module:aot_func_internal#8	40	static
WASM Module:aot_func#9	8	static
WASM Module:aot_func_internal#9	24	static
WASM Module:aot_func#10	8	static
WASM Module:aot_func_internal#10	24	static
WASM Module:aot_func#11	8	static
WASM Module:aot_func_internal#11	24	static
WASM Module:aot_func#12	8	static
WASM Module:aot_func_internal#12	56	static
WASM Module:aot_func#13	8	static
WASM Module:aot_func_internal#13	24	static
WASM Module:aot_func#14	8	static
WASM Module:aot_func_internal#14	24	static
WASM Module:aot_func#15	8	static
WASM Module:aot_func_internal#15	24	static
WASM Module:aot_func#16	8	static
WASM Module:aot_func_internal#16	104	static
WASM Module:aot_func#17	8	static
WASM Module:aot_func_internal#17	56	static
WASM Module:aot_func#18	8	static
WASM Module:aot_func_internal#18	88	static
WASM Module:aot_func#19	8	static
WASM Module:aot_func_internal#19	56	static
WASM Module:aot_func#20	8	static
WASM Module:aot_func_internal#20	152	static
WASM Module:aot_func#21	8	static
WASM Module:aot_func_internal#21	24	static
WASM Module:aot_func#22	8	static
WASM Module:aot_func_internal#22	56	static
WASM Module:aot_func#23	8	static
WASM Module:aot_func_internal#23	40	static
WASM Module:aot_func#24	8	static
WASM Module:aot_func_internal#24	0	static
WASM Module:aot_func#25	8	static
WASM Module:aot_func_internal#25	0	static
WASM Module:aot_func#26	8	static
WASM Module:aot_func_internal#26	104	static
WASM Module:aot_func#27	8	static
WASM Module:aot_func_internal#27	24	static
WASM Module:aot_func#28	8	static
WASM Module:aot_func_internal#28	152	static
WASM Module:aot_func#29	8	static
WASM Module:aot_func_internal#29	8	static
WASM Module:aot_func#30	8	static
WASM Module:aot_func_internal#30	8	static
WASM Module:aot_func#31	8	static
WASM Module:aot_func_internal#31	88	static
WASM Module:aot_func#32	8	static
WASM Module:aot_func_internal#32	8	static
WASM Module:aot_func#33	8	static
WASM Module:aot_func_internal#33	0	static
WASM Module:aot_func#34	8	static
WASM Module:aot_func_internal#34	24	static
WASM Module:aot_func#35	8	static
WASM Module:aot_func#36	8	static
WASM Module:aot_func_internal#36	248	static
WASM Module:aot_func#37	8	static
WASM Module:aot_func_internal#37	0	static
WASM Module:aot_func#38	8	static
WASM Module:aot_func_internal#38	24	static
WASM Module:aot_func#39	8	static
WASM Module:aot_func_internal#39	24	static
WASM Module:aot_func#40	8	static
WASM Module:aot_func_internal#40	56	static
WASM Module:aot_func#41	8	static
WASM Module:aot_func_internal#41	0	static
WASM Module:aot_func#42	8	static
WASM Module:aot_func_internal#42	24	static
WASM Module:aot_func#43	8	static
WASM Module:aot_func_internal#43	24	static
WASM Module:aot_func#44	8	static
WASM Module:aot_func_internal#44	0	static
WASM Module:aot_func#45	8	static
WASM Module:aot_func_internal#45	0	static
WASM Module:aot_func#46	8	static
WASM Module:aot_func_internal#46	24	static
WASM Module:aot_func#47	8	static
WASM Module:aot_func_internal#47	0	static
WASM Module:aot_func#48	8	static
WASM Module:aot_func_internal#48	56	static
WASM Module:aot_func#49	8	static
WASM Module:aot_func_internal#49	72	static
WASM Module:aot_func#50	8	static
WASM Module:aot_func_internal#50	24	static
WASM Module:aot_func#51	8	static
WASM Module:aot_func_internal#51	8	static
WASM Module:aot_func#52	8	static
WASM Module:aot_func_internal#52	40	static
WASM Module:aot_func#53	8	static
WASM Module:aot_func_internal#53	120	static
WASM Module:aot_func#54	8	static
WASM Module:aot_func_internal#54	40	static
WASM Module:aot_func#55	8	static
WASM Module:aot_func_internal#55	40	static
WASM Module:aot_func#56	8	static
WASM Module:aot_func_internal#56	8	static
WASM Module:aot_func#57	8	static
WASM Module:aot_func_internal#57	24	static
WASM Module:aot_func#58	8	static
WASM Module:aot_func_internal#58	8	static
WASM Module:aot_func#59	8	static
WASM Module:aot_func_internal#59	72	static
WASM Module:aot_func#60	8	static
WASM Module:aot_func_internal#60	56	static
WASM Module:aot_func#61	8	static
WASM Module:aot_func_internal#61	88	static
WASM Module:aot_func#62	8	static
WASM Module:aot_func_internal#62	24	static
WASM Module:aot_func#63	8	static
WASM Module:aot_func_internal#63	8	static
WASM Module:aot_func#64	8	static
WASM Module:aot_func_internal#64	8	static
WASM Module:aot_func#65	8	static
WASM Module:aot_func_internal#65	0	static
WASM Module:aot_func#66	8	static
WASM Module:aot_func_internal#66	120	static
WASM Module:aot_func#67	8	static
WASM Module:aot_func_internal#67	184	static
WASM Module:aot_func#68	8	static
WASM Module:aot_func_internal#68	24	static
WASM Module:aot_func#69	8	static
WASM Module:aot_func_internal#69	24	static
WASM Module:aot_func#70	8	static
WASM Module:aot_func_internal#70	56	static
WASM Module:aot_func#71	8	static
WASM Module:aot_func_internal#71	88	static
WASM Module:aot_func#72	8	static
WASM Module:aot_func_internal#72	88	static
WASM Module:aot_func#73	8	static
WASM Module:aot_func_internal#73	24	static
WASM Module:aot_func#74	8	static
WASM Module:aot_func_internal#74	24	static
WASM Module:aot_func#75	8	static
WASM Module:aot_func_internal#75	120	static
WASM Module:aot_func#76	8	static
WASM Module:aot_func_internal#76	72	static
WASM Module:aot_func#77	8	static
WASM Module:aot_func_internal#77	56	static
WASM Module:aot_func#78	8	static
WASM Module:aot_func_internal#78	56	static
WASM Module:aot_func#79	8	static
WASM Module:aot_func_internal#79	24	static
WASM Module:aot_func#80	8	static
WASM Module:aot_func_internal#80	40	static
WASM Module:aot_func#81	8	static
WASM Module:aot_func_internal#81	72	static
WASM Module:aot_func#82	8	static
WASM Module:aot_func_internal#82	72	static
WASM Module:aot_func#83	8	static
WASM Module:aot_func_internal#83	88	static
WASM Module:aot_func#84	8	static
WASM Module:aot_func_internal#84	72	static
WASM Module:aot_func#85	8	static
WASM Module:aot_func_internal#85	0	static
WASM Module:aot_func#86	8	static
WASM Module:aot_func_internal#86	0	static
WASM Module:aot_func#87	8	static
WASM Module:aot_func_internal#87	8	static
WASM Module:aot_func#88	8	static
WASM Module:aot_func_internal#88	0	static
WASM Module:aot_func#89	8	static
WASM Module:aot_func_internal#89	8	static
WASM Module:aot_func#90	8	static
WASM Module:aot_func_internal#90	8	static
WASM Module:aot_func#91	8	static
WASM Module:aot_func_internal#91	0	static
WASM Module:aot_func#92	8	static
WASM Module:aot_func_internal#92	56	static
WASM Module:aot_func#93	8	static
WASM Module:aot_func_internal#93	24	static
WASM Module:aot_func#94	8	static
WASM Module:aot_func_internal#94	24	static
WASM Module:aot_func#95	8	static
WASM Module:aot_func_internal#95	0	static
WASM Module:aot_func#96	8	static
WASM Module:aot_func_internal#96	24	static
WASM Module:aot_func#97	8	static
WASM Module:aot_func_internal#97	0	static
WASM Module:aot_func#98	8	static
WASM Module:aot_func_internal#98	8	static
WASM Module:aot_func#99	8	static
WASM Module:aot_func_internal#99	88	static
WASM Module:aot_func#100	8	static
WASM Module:aot_func_internal#100	56	static
WASM Module:aot_func#101	8	static
WASM Module:aot_func_internal#101	48	static
WASM Module:aot_func#102	8	static
WASM Module:aot_func_internal#102	40	static
WASM Module:aot_func#103	8	static
WASM Module:aot_func_internal#103	120	static
WASM Module:aot_func#104	8	static
WASM Module:aot_func_internal#104	56	static
WASM Module:aot_func#105	8	static
WASM Module:aot_func_internal#105	8	static
WASM Module:aot_func#106	8	static
WASM Module:aot_func_internal#106	0	static
WASM Module:aot_func#107	8	static
WASM Module:aot_func_internal#107	24	static
WASM Module:aot_func#108	8	static
WASM Module:aot_func_internal#108	0	static
WASM Module:aot_func#109	8	static
WASM Module:aot_func_internal#109	24	static
WASM Module:aot_func#110	8	static
WASM Module:aot_func_internal#110	56	static
WASM Module:aot_func#111	8	static
WASM Module:aot_func_internal#111	56	static
WASM Module:aot_func#112	8	static
WASM Module:aot_func_internal#112	24	static
WASM Module:aot_func#113	8	static
WASM Module:aot_func_internal#113	24	static
WASM Module:aot_func#114	8	static
WASM Module:aot_func_internal#114	72	static
WASM Module:aot_func#115	8	static
WASM Module:aot_func_internal#115	8	static
WASM Module:aot_func#116	8	static
WASM Module:aot_func_internal#116	40	static
WASM Module:aot_func#117	8	static
WASM Module:aot_func#118	8	static
WASM Module:aot_func#119	8	static
WASM Module:aot_func_internal#119	56	static
WASM Module:aot_func#120	8	static
WASM Module:aot_func_internal#120	72	static
WASM Module:aot_func#121	8	static
WASM Module:aot_func_internal#121	40	static
WASM Module:aot_func#122	8	static
WASM Module:aot_func_internal#122	8	static
WASM Module:aot_func#123	8	static
WASM Module:aot_func_internal#123	40	static
WASM Module:aot_func#124	8	static
WASM Module:aot_func_internal#124	8	static
WASM Module:aot_func#125	8	static
WASM Module:aot_func_internal#125	24	static
WASM Module:aot_func#126	8	static
WASM Module:aot_func_internal#126	0	static
WASM Module:aot_func#127	8	static
WASM Module:aot_func_internal#127	8	static
WASM Module:aot_func#128	8	static
WASM Module:aot_func_internal#128	0	static
WASM Module:aot_func#129	8	static
WASM Module:aot_func_internal#129	0	static
WASM Module:aot_func#130	8	static
WASM Module:aot_func#131	8	static
WASM Module:aot_func_internal#131	0	static
WASM Module:aot_func#132	8	static
WASM Module:aot_func_internal#132	0	static
WASM Module:aot_func#133	8	static
WASM Module:aot_func_internal#133	0	static
WASM Module:aot_func#134	8	static
WASM Module:aot_func_internal#134	8	static
WASM Module:aot_func#135	8	static
WASM Module:aot_func_internal#135	0	static
WASM Module:aot_func#136	8	static
WASM Module:aot_func_internal#136	0	static
WASM Module:aot_func#137	8	static
WASM Module:aot_func_internal#137	0	static
WASM Module:aot_func#138	8	static
WASM Module:aot_func_internal#138	24	static
WASM Module:aot_func#139	8	static
WASM Module:aot_func_internal#139	24	static
WASM Module:aot_func#140	8	static
WASM Module:aot_func#141	8	static
WASM Module:aot_func_internal#141	56	static
WASM Module:aot_func#142	8	static
WASM Module:aot_func_internal#142	40	static
WASM Module:aot_func#143	8	static
WASM Module:aot_func_internal#143	24	static
WASM Module:aot_func#144	8	static
WASM Module:aot_func_internal#144	40	static
WASM Module:aot_func#145	8	static
WASM Module:aot_func_internal#145	0	static
WASM Module:aot_func#146	8	static
WASM Module:aot_func_internal#146	56	static
WASM Module:aot_func#147	8	static
WASM Module:aot_func_internal#147	72	static
WASM Module:aot_func#148	8	static
WASM Module:aot_func_internal#148	8	static
WASM Module:aot_func#149	8	static
WASM Module:aot_func_internal#149	8	static
WASM Module:aot_func#150	8	static
WASM Module:aot_func#151	8	static
WASM Module:aot_func#152	8	static
WASM Module:aot_func_internal#152	56	static
WASM Module:aot_func#153	8	static
WASM Module:aot_func_internal#153	56	static
WASM Module:aot_func#154	8	static
WASM Module:aot_func_internal#154	56	static
WASM Module:aot_func#155	8	static
WASM Module:aot_func#156	8	static
WASM Module:aot_func_internal#156	0	static
WASM Module:aot_func#157	8	static
WASM Module:aot_func_internal#157	0	static
WASM Module:aot_func#158	8	static
WASM Module:aot_func_internal#158	72	static
WASM Module:aot_func#159	8	static
WASM Module:aot_func_internal#159	0	static
WASM Module:aot_func#160	8	static
WASM Module:aot_func_internal#160	0	static
WASM Module:aot_func#161	8	static
WASM Module:aot_func#162	8	static
WASM Module:aot_func_internal#162	40	static
WASM Module:aot_func#163	8	static
WASM Module:aot_func_internal#163	72	static
WASM Module:aot_func#164	8	static
WASM Module:aot_func_internal#164	40	static
WASM Module:aot_func#165	8	static
WASM Module:aot_func_internal#165	24	static
WASM Module:aot_func#166	8	static
WASM Module:aot_func_internal#166	24	static
WASM Module:aot_func#167	8	static
WASM Module:aot_func_internal#167	24	static
WASM Module:aot_func#168	8	static
WASM Module:aot_func_internal#168	24	static
WASM Module:aot_func#169	8	static
WASM Module:aot_func_internal#169	72	static
WASM Module:aot_func#170	8	static
WASM Module:aot_func#171	8	static
WASM Module:aot_func_internal#171	0	static
WASM Module:aot_func#172	8	static
WASM Module:aot_func_internal#172	8	static
WASM Module:aot_func#173	8	static
WASM Module:aot_func_internal#173	0	static
WASM Module:aot_func#174	8	static
WASM Module:aot_func_internal#174	0	static
WASM Module:aot_func#175	8	static
WASM Module:aot_func_internal#175	0	static
WASM Module:aot_func#176	8	static
WASM Module:aot_func_internal#176	0	static
WASM Module:aot_func#177	8	static
WASM Module:aot_func_internal#177	0	static
WASM Module:aot_func#178	8	static
WASM Module:aot_func_internal#178	24	static
WASM Module:aot_func#179	8	static
WASM Module:aot_func_internal#179	24	static
WASM Module:aot_func#180	8	static
WASM Module:aot_func_internal#180	24	static
WASM Module:aot_func#181	8	static
WASM Module:aot_func_internal#181	8	static
WASM Module:aot_func#182	8	static
WASM Module:aot_func_internal#182	24	static
WASM Module:aot_func#183	8	static
WASM Module:aot_func_internal#183	8	static
WASM Module:aot_func#184	8	static
WASM Module:aot_func_internal#184	8	static
WASM Module:aot_func#185	8	static
WASM Module:aot_func_internal#185	24	static
WASM Module:aot_func#186	8	static
WASM Module:aot_func_internal#186	0	static
WASM Module:aot_func#187	8	static
WASM Module:aot_func_internal#187	0	static
WASM Module:aot_func#188	8	static
WASM Module:aot_func_internal#188	0	static
WASM Module:aot_func#189	8	static
WASM Module:aot_func_internal#189	8	static
WASM Module:aot_func#190	8	static
WASM Module:aot_func_internal#190	0	static
WASM Module:aot_func#191	8	static
WASM Module:aot_func_internal#191	0	static
WASM Module:aot_func#192	8	static
WASM Module:aot_func_internal#192	0	static
WASM Module:aot_func#193	8	static
WASM Module:aot_func_internal#193	40	static
WASM Module:aot_func#194	8	static
WASM Module:aot_func_internal#194	56	static
WASM Module:aot_func#195	8	static
WASM Module:aot_func_internal#195	0	static
WASM Module:aot_func#196	8	static
WASM Module:aot_func_internal#196	40	static
WASM Module:aot_func#197	8	static
WASM Module:aot_func_internal#197	0	static
WASM Module:aot_func#198	8	static
WASM Module:aot_func_internal#198	24	static
WASM Module:aot_func#199	8	static
WASM Module:aot_func_internal#199	0	static
WASM Module:aot_func#200	8	static
WASM Module:aot_func_internal#200	0	static
WASM Module:aot_func#201	8	static
WASM Module:aot_func_internal#201	24	static
WASM Module:aot_func#202	8	static
WASM Module:aot_func_internal#202	40	static
WASM Module:aot_func#203	8	static
WASM Module:aot_func_internal#203	72	static
WASM Module:aot_func#204	8	static
WASM Module:aot_func_internal#204	40	static
WASM Module:aot_func#205	8	static
WASM Module:aot_func_internal#205	24	static
WASM Module:aot_func#206	8	static
WASM Module:aot_func_internal#206	72	static
WASM Module:aot_func#207	8	static
WASM Module:aot_func_internal#207	40	static
WASM Module:aot_func#208	8	static
WASM Module:aot_func_internal#208	24	static
WASM Module:aot_func#209	8	static
WASM Module:aot_func_internal#209	24	static
WASM Module:aot_func#210	8	static
WASM Module:aot_func_internal#210	0	static
WASM Module:aot_func#211	8	static
WASM Module:aot_func_internal#211	40	static
WASM Module:aot_func#212	8	static
WASM Module:aot_func_internal#212	24	static
WASM Module:aot_func#213	8	static
WASM Module:aot_func_internal#213	72	static
WASM Module:aot_func#214	8	static
WASM Module:aot_func_internal#214	88	static
WASM Module:aot_func#215	8	static
WASM Module:aot_func_internal#215	0	static
WASM Module:aot_func#216	8	static
WASM Module:aot_func_internal#216	0	static
WASM Module:aot_func#217	8	static
WASM Module:aot_func_internal#217	0	static
WASM Module:aot_func#218	8	static
WASM Module:aot_func_internal#218	56	static
WASM Module:aot_func#219	8	static
WASM Module:aot_func_internal#219	72	static
WASM Module:aot_func#220	8	static
WASM Module:aot_func_internal#220	56	static
WASM Module:aot_func#221	8	static
WASM Module:aot_func_internal#221	72	static
WASM Module:aot_func#222	8	static
WASM Module:aot_func_internal#222	56	static
WASM Module:aot_func#223	8	static
WASM Module:aot_func_internal#223	40	static
WASM Module:aot_func#224	8	static
WASM Module:aot_func_internal#224	56	static
WASM Module:aot_func#225	8	static
WASM Module:aot_func_internal#225	40	static
WASM Module:aot_func#226	8	static
WASM Module:aot_func_internal#226	8	static
WASM Module:aot_func#227	8	static
WASM Module:aot_func_internal#227	8	static
WASM Module:aot_func#228	8	static
WASM Module:aot_func_internal#228	0	static
WASM Module:aot_func#229	8	static
WASM Module:aot_func_internal#229	72	static
WASM Module:aot_func#230	8	static
WASM Module:aot_func_internal#230	88	static
WASM Module:aot_func#231	8	static
WASM Module:aot_func_internal#231	0	static
WASM Module:aot_func#232	8	static
WASM Module:aot_func_internal#232	24	static
WASM Module:aot_func#233	8	static
WASM Module:aot_func_internal#233	56	static
WASM Module:aot_func#234	8	static
WASM Module:aot_func_internal#234	8	static
WASM Module:aot_func#235	8	static
WASM Module:aot_func_internal#235	88	static
WASM Module:aot_func#236	8	static
WASM Module:aot_func_internal#236	56	static
WASM Module:aot_func#237	8	static
WASM Module:aot_func_internal#237	40	static
WASM Module:aot_func#238	8	static
WASM Module:aot_func_internal#238	40	static
WASM Module:aot_func#239	8	static
WASM Module:aot_func_internal#239	88	static
WASM Module:aot_func#240	8	static
WASM Module:aot_func_internal#240	0	static
WASM Module:aot_func#241	8	static
WASM Module:aot_func_internal#241	40	static
WASM Module:aot_func#242	8	static
WASM Module:aot_func_internal#242	40	static
WASM Module:aot_func#243	8	static
WASM Module:aot_func_internal#243	88	static
WASM Module:aot_func#244	8	static
WASM Module:aot_func_internal#244	104	static
WASM Module:aot_func#245	8	static
WASM Module:aot_func_internal#245	24	static
WASM Module:aot_func#246	8	static
WASM Module:aot_func_internal#246	0	static
WASM Module:aot_func#247	8	static
WASM Module:aot_func_internal#247	56	static
WASM Module:aot_func#248	8	static
WASM Module:aot_func_internal#248	88	static
WASM Module:aot_func#249	8	static
WASM Module:aot_func_internal#249	40	static
WASM Module:aot_func#250	8	static
WASM Module:aot_func_internal#250	56	static
WASM Module:aot_func#251	8	static
WASM Module:aot_func_internal#251	56	static
WASM Module:aot_func#252	8	static
WASM Module:aot_func_internal#252	56	static
WASM Module:aot_func#253	8	static
WASM Module:aot_func_internal#253	56	static
WASM Module:aot_func#254	8	static
WASM Module:aot_func_internal#254	56	static
WASM Module:aot_func#255	8	static
WASM Module:aot_func_internal#255	56	static
WASM Module:aot_func#256	8	static
WASM Module:aot_func_internal#256	56	static
WASM Module:aot_func#257	8	static
WASM Module:aot_func_internal#257	56	static
WASM Module:aot_func#258	8	static
WASM Module:aot_func_internal#258	56	static
WASM Module:aot_func#259	8	static
WASM Module:aot_func_internal#259	56	static
WASM Module:aot_func#260	8	static
WASM Module:aot_func_internal#260	40	static
WASM Module:aot_func#261	8	static
WASM Module:aot_func_internal#261	56	static
WASM Module:aot_func#262	8	static
WASM Module:aot_func_internal#262	104	static
WASM Module:aot_func#263	8	static
WASM Module:aot_func_internal#263	56	static
WASM Module:aot_func#264	8	static
WASM Module:aot_func_internal#264	56	static
WASM Module:aot_func#265	8	static
WASM Module:aot_func_internal#265	24	static
WASM Module:aot_func#266	8	static
WASM Module:aot_func_internal#266	88	static
WASM Module:aot_func#267	8	static
WASM Module:aot_func_internal#267	0	static
WASM Module:aot_func#268	8	static
WASM Module:aot_func_internal#268	24	static
WASM Module:aot_func#269	8	static
WASM Module:aot_func_internal#269	56	static
WASM Module:aot_func#270	8	static
WASM Module:aot_func_internal#270	24	static
WASM Module:aot_func#271	8	static
WASM Module:aot_func_internal#271	56	static
WASM Module:aot_func#272	8	static
WASM Module:aot_func_internal#272	56	static
WASM Module:aot_func#273	8	static
WASM Module:aot_func_internal#273	56	static
WASM Module:aot_func#274	8	static
WASM Module:aot_func_internal#274	56	static
WASM Module:aot_func#275	8	static
WASM Module:aot_func_internal#275	56	static
WASM Module:aot_func#276	8	static
WASM Module:aot_func_internal#276	56	static
WASM Module:aot_func#277	8	static
WASM Module:aot_func_internal#277	56	static
WASM Module:aot_func#278	8	static
WASM Module:aot_func_internal#278	56	static
WASM Module:aot_func#279	8	static
WASM Module:aot_func_internal#279	40	static
WASM Module:aot_func#280	8	static
WASM Module:aot_func_internal#280	40	static
WASM Module:aot_func#281	8	static
WASM Module:aot_func_internal#281	56	static
WASM Module:aot_func#282	8	static
WASM Module:aot_func_internal#282	0	static
WASM Module:aot_func#283	8	static
WASM Module:aot_func_internal#283	0	static
WASM Module:aot_func#284	8	static
WASM Module:aot_func_internal#284	0	static
WASM Module:aot_func#285	8	static
WASM Module:aot_func_internal#285	40	static
WASM Module:aot_func#286	8	static
WASM Module:aot_func_internal#286	24	static
WASM Module:aot_func#287	8	static
WASM Module:aot_func_internal#287	24	static
WASM Module:aot_func#288	8	static
WASM Module:aot_func_internal#288	24	static
WASM Module:aot_func#289	8	static
WASM Module:aot_func_internal#289	0	static
WASM Module:aot_func#290	8	static
WASM Module:aot_func_internal#290	0	static
WASM Module:aot_func#291	8	static
WASM Module:aot_func_internal#291	40	static
WASM Module:aot_func#292	8	static
WASM Module:aot_func_internal#292	0	static
WASM Module:aot_func#293	8	static
WASM Module:aot_func_internal#293	0	static
WASM Module:aot_func#294	8	static
WASM Module:aot_func_internal#294	56	static
WASM Module:aot_func#295	8	static
WASM Module:aot_func_internal#295	56	static
WASM Module:aot_func#296	8	static
WASM Module:aot_func_internal#296	0	static
WASM Module:aot_func#297	8	static
WASM Module:aot_func_internal#297	40	static
WASM Module:aot_func#298	8	static
WASM Module:aot_func_internal#298	24	static
WASM Module:aot_func#299	8	static
WASM Module:aot_func_internal#299	72	static
WASM Module:aot_func#300	8	static
WASM Module:aot_func_internal#300	0	static
WASM Module:aot_func#301	8	static
WASM Module:aot_func_internal#301	56	static
WASM Module:aot_func#302	8	static
WASM Module:aot_func_internal#302	56	static
WASM Module:aot_func#303	8	static
WASM Module:aot_func_internal#303	120	static
WASM Module:aot_func#304	8	static
WASM Module:aot_func_internal#304	88	static
WASM Module:aot_func#305	8	static
WASM Module:aot_func_internal#305	56	static
WASM Module:aot_func#306	8	static
WASM Module:aot_func_internal#306	40	static
WASM Module:aot_func#307	8	static
WASM Module:aot_func_internal#307	8	static
WASM Module:aot_func#308	8	static
WASM Module:aot_func_internal#308	40	static
WASM Module:aot_func#309	8	static
WASM Module:aot_func_internal#309	40	static
WASM Module:aot_func#310	8	static
WASM Module:aot_func_internal#310	104	static
WASM Module:aot_func#311	8	static
WASM Module:aot_func_internal#311	24	static
WASM Module:aot_func#312	8	static
WASM Module:aot_func_internal#312	56	static
WASM Module:aot_func#313	8	static
WASM Module:aot_func_internal#313	40	static
WASM Module:aot_func#314	8	static
WASM Module:aot_func_internal#314	56	static
WASM Module:aot_func#315	8	static
WASM Module:aot_func_internal#315	8	static
WASM Module:aot_func#316	8	static
WASM Module:aot_func_internal#316	56	static
WASM Module:aot_func#317	8	static
WASM Module:aot_func_internal#317	56	static
WASM Module:aot_func#318	8	static
WASM Module:aot_func_internal#318	88	static
WASM Module:aot_func#319	8	static
WASM Module:aot_func_internal#319	72	static
WASM Module:aot_func#320	8	static
WASM Module:aot_func_internal#320	0	static
WASM Module:aot_func#321	8	static
WASM Module:aot_func_internal#321	56	static
WASM Module:aot_func#322	8	static
WASM Module:aot_func_internal#322	8	static
WASM Module:aot_func#323	8	static
WASM Module:aot_func_internal#323	88	static
WASM Module:aot_func#324	8	static
WASM Module:aot_func_internal#324	40	static
WASM Module:aot_func#325	8	static
WASM Module:aot_func_internal#325	40	static
WASM Module:aot_func#326	8	static
WASM Module:aot_func_internal#326	40	static
WASM Module:aot_func#327	8	static
WASM Module:aot_func_internal#327	72	static
WASM Module:aot_func#328	8	static
WASM Module:aot_func_internal#328	72	static
WASM Module:aot_func#329	8	static
WASM Module:aot_func_internal#329	40	static
WASM Module:aot_func#330	8	static
WASM Module:aot_func_internal#330	40	static
WASM Module:aot_func#331	8	static
WASM Module:aot_func_internal#331	136	static
WASM Module:aot_func#332	8	static
WASM Module:aot_func_internal#332	40	static
WASM Module:aot_func#333	8	static
WASM Module:aot_func_internal#333	72	static
WASM Module:aot_func#334	8	static
WASM Module:aot_func_internal#334	56	static
WASM Module:aot_func#335	8	static
WASM Module:aot_func_internal#335	8	static
WASM Module:aot_func#336	8	static
WASM Module:aot_func_internal#336	24	static
WASM Module:aot_func#337	8	static
WASM Module:aot_func_internal#337	8	static
WASM Module:aot_func#338	8	static
WASM Module:aot_func_internal#338	40	static
WASM Module:aot_func#339	8	static
WASM Module:aot_func_internal#339	56	static
WASM Module:aot_func#340	8	static
WASM Module:aot_func_internal#340	56	static
WASM Module:aot_func#341	8	static
WASM Module:aot_func_internal#341	72	static
WASM Module:aot_func#342	8	static
WASM Module:aot_func_internal#342	0	static
WASM Module:aot_func#343	8	static
WASM Module:aot_func_internal#343	56	static
WASM Module:aot_func#344	8	static
WASM Module:aot_func_internal#344	72	static
WASM Module:aot_func#345	8	static
WASM Module:aot_func_internal#345	56	static
WASM Module:aot_func#346	8	static
WASM Module:aot_func_internal#346	0	static
WASM Module:aot_func#347	8	static
WASM Module:aot_func_internal#347	0	static
WASM Module:aot_func#348	8	static
WASM Module:aot_func_internal#348	40	static
WASM Module:aot_func#349	8	static
WASM Module:aot_func_internal#349	72	static
WASM Module:aot_func#350	8	static
WASM Module:aot_func_internal#350	72	static
WASM Module:aot_func#351	8	static
WASM Module:aot_func_internal#351	88	static
WASM Module:aot_func#352	8	static
WASM Module:aot_func_internal#352	0	static
WASM Module:aot_func#353	8	static
WASM Module:aot_func_internal#353	104	static
WASM Module:aot_func#354	8	static
WASM Module:aot_func_internal#354	136	static
WASM Module:aot_func#355	8	static
WASM Module:aot_func_internal#355	104	static
WASM Module:aot_func#356	8	static
WASM Module:aot_func_internal#356	24	static
WASM Module:aot_func#357	8	static
WASM Module:aot_func_internal#357	136	static
WASM Module:aot_func#358	8	static
WASM Module:aot_func_internal#358	72	static
WASM Module:aot_func#359	8	static
WASM Module:aot_func_internal#359	56	static
WASM Module:aot_func#360	8	static
WASM Module:aot_func_internal#360	72	static
WASM Module:aot_func#361	8	static
WASM Module:aot_func_internal#361	40	static
WASM Module:aot_func#362	8	static
WASM Module:aot_func_internal#362	56	static
WASM Module:aot_func#363	8	static
WASM Module:aot_func_internal#363	56	static
WASM Module:aot_func#364	8	static
WASM Module:aot_func_internal#364	56	static
WASM Module:aot_func#365	8	static
WASM Module:aot_func_internal#365	56	static
WASM Module:aot_func#366	8	static
WASM Module:aot_func_internal#366	56	static
WASM Module:aot_func#367	8	static
WASM Module:aot_func_internal#367	56	static
WASM Module:aot_func#368	8	static
WASM Module:aot_func_internal#368	0	static
WASM Module:aot_func#369	8	static
WASM Module:aot_func_internal#369	104	static
WASM Module:aot_func#370	8	static
WASM Module:aot_func_internal#370	72	static
WASM Module:aot_func#371	8	static
WASM Module:aot_func_internal#371	88	static
WASM Module:aot_func#372	8	static
WASM Module:aot_func_internal#372	88	static
WASM Module:aot_func#373	8	static
WASM Module:aot_func_internal#373	0	static
WASM Module:aot_func#374	8	static
WASM Module:aot_func_internal#374	8	static
WASM Module:aot_func#375	8	static
WASM Module:aot_func_internal#375	88	static
WASM Module:aot_func#376	8	static
WASM Module:aot_func_internal#376	88	static
WASM Module:aot_func#377	8	static
WASM Module:aot_func_internal#377	104	static
WASM Module:aot_func#378	8	static
WASM Module:aot_func_internal#378	88	static
WASM Module:aot_func#379	8	static
WASM Module:aot_func_internal#379	88	static
WASM Module:aot_func#380	8	static
WASM Module:aot_func_internal#380	0	static
WASM Module:aot_func#381	8	static
WASM Module:aot_func_internal#381	0	static
WASM Module:aot_func#382	8	static
WASM Module:aot_func_internal#382	0	static
WASM Module:aot_func#383	8	static
WASM Module:aot_func_internal#383	104	static
WASM Module:aot_func#384	8	static
WASM Module:aot_func_internal#384	104	static
WASM Module:aot_func#385	8	static
WASM Module:aot_func_internal#385	56	static
WASM Module:aot_func#386	8	static
WASM Module:aot_func_internal#386	56	static
WASM Module:aot_func#387	8	static
WASM Module:aot_func_internal#387	0	static
WASM Module:aot_func#388	8	static
WASM Module:aot_func_internal#388	0	static
WASM Module:aot_func#389	8	static
WASM Module:aot_func_internal#389	104	static
WASM Module:aot_func#390	8	static
WASM Module:aot_func_internal#390	104	static
WASM Module:aot_func#391	8	static
WASM Module:aot_func_internal#391	104	static
WASM Module:aot_func#392	8	static
WASM Module:aot_func_internal#392	104	static
WASM Module:aot_func#393	8	static
WASM Module:aot_func_internal#393	104	static
WASM Module:aot_func#394	8	static
WASM Module:aot_func_internal#394	0	static
WASM Module:aot_func#395	8	static
WASM Module:aot_func_internal#395	0	static
WASM Module:aot_func#396	8	static
WASM Module:aot_func_internal#396	0	static
WASM Module:aot_func#397	8	static
WASM Module:aot_func_internal#397	120	static
WASM Module:aot_func#398	8	static
WASM Module:aot_func_internal#398	0	static
WASM Module:aot_func#399	8	static
WASM Module:aot_func_internal#399	0	static
WASM Module:aot_func#400	8	static
WASM Module:aot_func_internal#400	120	static
WASM Module:aot_func#401	8	static
WASM Module:aot_func_internal#401	56	static
WASM Module:aot_func#402	8	static
WASM Module:aot_func_internal#402	88	static
WASM Module:aot_func#403	8	static
WASM Module:aot_func_internal#403	88	static
WASM Module:aot_func#404	8	static
WASM Module:aot_func_internal#404	40	static
WASM Module:aot_func#405	8	static
WASM Module:aot_func_internal#405	24	static
WASM Module:aot_func#406	8	static
WASM Module:aot_func_internal#406	120	static
WASM Module:aot_func#407	8	static
WASM Module:aot_func_internal#407	40	static
WASM Module:aot_func#408	8	static
WASM Module:aot_func_internal#408	40	static
WASM Module:aot_func#409	8	static
WASM Module:aot_func_internal#409	136	static
WASM Module:aot_func#410	8	static
WASM Module:aot_func_internal#410	56	static
WASM Module:aot_func#411	8	static
WASM Module:aot_func_internal#411	40	static
WASM Module:aot_func#412	8	static
WASM Module:aot_func_internal#412	40	static
WASM Module:aot_func#413	8	static
WASM Module:aot_func_internal#413	56	static
WASM Module:aot_func#414	8	static
WASM Module:aot_func_internal#414	88	static
WASM Module:aot_func#415	8	static
WASM Module:aot_func_internal#415	136	static
WASM Module:aot_func#416	8	static
WASM Module:aot_func_internal#416	88	static
WASM Module:aot_func#417	8	static
WASM Module:aot_func_internal#417	24	static
WASM Module:aot_func#418	8	static
WASM Module:aot_func_internal#418	136	static
WASM Module:aot_func#419	8	static
WASM Module:aot_func_internal#419	56	static
WASM Module:aot_func#420	8	static
WASM Module:aot_func_internal#420	56	static
WASM Module:aot_func#421	8	static
WASM Module:aot_func_internal#421	72	static
WASM Module:aot_func#422	8	static
WASM Module:aot_func_internal#422	88	static
WASM Module:aot_func#423	8	static
WASM Module:aot_func_internal#423	88	static
WASM Module:aot_func#424	8	static
WASM Module:aot_func_internal#424	56	static
WASM Module:aot_func#425	8	static
WASM Module:aot_func_internal#425	136	static
WASM Module:aot_func#426	8	static
WASM Module:aot_func_internal#426	104	static
WASM Module:aot_func#427	8	static
WASM Module:aot_func_internal#427	24	static
WASM Module:aot_func#428	8	static
WASM Module:aot_func_internal#428	56	static
WASM Module:aot_func#429	8	static
WASM Module:aot_func_internal#429	120	static
WASM Module:aot_func#430	8	static
WASM Module:aot_func_internal#430	40	static
WASM Module:aot_func#431	8	static
WASM Module:aot_func_internal#431	8	static
WASM Module:aot_func#432	8	static
WASM Module:aot_func_internal#432	72	static
WASM Module:aot_func#433	8	static
WASM Module:aot_func_internal#433	8	static
WASM Module:aot_func#434	8	static
WASM Module:aot_func_internal#434	8	static
WASM Module:aot_func#435	8	static
WASM Module:aot_func_internal#435	8	static
WASM Module:aot_func#436	8	static
WASM Module:aot_func_internal#436	8	static
WASM Module:aot_func#437	8	static
WASM Module:aot_func_internal#437	8	static
WASM Module:aot_func#438	8	static
WASM Module:aot_func_internal#438	8	static
WASM Module:aot_func#439	8	static
WASM Module:aot_func_internal#439	104	static
WASM Module:aot_func#440	8	static
WASM Module:aot_func_internal#440	8	static
WASM Module:aot_func#441	8	static
WASM Module:aot_func_internal#441	8	static
WASM Module:aot_func#442	8	static
WASM Module:aot_func_internal#442	8	static
WASM Module:aot_func#443	8	static
WASM Module:aot_func_internal#443	24	static
WASM Module:aot_func#444	8	static
WASM Module:aot_func_internal#444	40	static
WASM Module:aot_func#445	8	static
WASM Module:aot_func_internal#445	40	static
WASM Module:aot_func#446	8	static
WASM Module:aot_func_internal#446	40	static
WASM Module:aot_func#447	8	static
WASM Module:aot_func_internal#447	72	static
WASM Module:aot_func#448	8	static
WASM Module:aot_func_internal#448	136	static
WASM Module:aot_func#449	8	static
WASM Module:aot_func_internal#449	56	static
WASM Module:aot_func#450	8	static
WASM Module:aot_func_internal#450	56	static
WASM Module:aot_func#451	8	static
WASM Module:aot_func_internal#451	48	static
WASM Module:aot_func#452	8	static
WASM Module:aot_func_internal#452	56	static
WASM Module:aot_func#453	8	static
WASM Module:aot_func_internal#453	24	static
WASM Module:aot_func#454	8	static
WASM Module:aot_func_internal#454	72	static
WASM Module:aot_func#455	8	static
WASM Module:aot_func_internal#455	0	static
WASM Module:aot_func#456	8	static
WASM Module:aot_func_internal#456	0	static
WASM Module:aot_func#457	8	static
WASM Module:aot_func_internal#457	0	static
WASM Module:aot_func#458	8	static
WASM Module:aot_func_internal#458	56	static
WASM Module:aot_func#459	8	static
WASM Module:aot_func_internal#459	40	static
WASM Module:aot_func#460	8	static
WASM Module:aot_func_internal#460	56	static
WASM Module:aot_func#461	8	static
WASM Module:aot_func_internal#461	40	static
WASM Module:aot_func#462	8	static
WASM Module:aot_func_internal#462	40	static
WASM Module:aot_func#463	8	static
WASM Module:aot_func_internal#463	0	static
WASM Module:aot_func#464	8	static
WASM Module:aot_func_internal#464	72	static
WASM Module:aot_func#465	8	static
WASM Module:aot_func_internal#465	0	static
WASM Module:aot_func#466	8	static
WASM Module:aot_func_internal#466	56	static
WASM Module:aot_func#467	8	static
WASM Module:aot_func_internal#467	40	static
WASM Module:aot_func#468	8	static
WASM Module:aot_func_internal#468	56	static
WASM Module:aot_func#469	8	static
WASM Module:aot_func_internal#469	40	static
WASM Module:aot_func#470	8	static
WASM Module:aot_func_internal#470	152	static
WASM Module:aot_func#471	8	static
WASM Module:aot_func_internal#471	136	static
WASM Module:aot_func#472	8	static
WASM Module:aot_func_internal#472	24	static
WASM Module:aot_func#473	8	static
WASM Module:aot_func_internal#473	152	static
WASM Module:aot_func#474	8	static
WASM Module:aot_func_internal#474	40	static
WASM Module:aot_func#475	8	static
WASM Module:aot_func_internal#475	24	static
WASM Module:aot_func#476	8	static
WASM Module:aot_func_internal#476	40	static
WASM Module:aot_func#477	8	static
WASM Module:aot_func_internal#477	40	static
WASM Module:aot_func#478	8	static
WASM Module:aot_func_internal#478	56	static
WASM Module:aot_func#479	8	static
WASM Module:aot_func_internal#479	72	static
WASM Module:aot_func#480	8	static
WASM Module:aot_func_internal#480	40	static
WASM Module:aot_func#481	8	static
WASM Module:aot_func_internal#481	40	static
WASM Module:aot_func#482	8	static
WASM Module:aot_func_internal#482	24	static
WASM Module:aot_func#483	8	static
WASM Module:aot_func_internal#483	40	static
WASM Module:aot_func#484	8	static
WASM Module:aot_func_internal#484	40	static
WASM Module:aot_func#485	8	static
WASM Module:aot_func_internal#485	40	static
WASM Module:aot_func#486	8	static
WASM Module:aot_func_internal#486	8	static
WASM Module:aot_func#487	8	static
WASM Module:aot_func_internal#487	40	static
WASM Module:aot_func#488	8	static
WASM Module:aot_func_internal#488	24	static
WASM Module:aot_func#489	8	static
WASM Module:aot_func_internal#489	32	static
WASM Module:aot_func#490	8	static
WASM Module:aot_func_internal#490	72	static
WASM Module:aot_func#491	8	static
WASM Module:aot_func_internal#491	0	static
WASM Module:aot_func#492	8	static
WASM Module:aot_func_internal#492	56	static
WASM Module:aot_func#493	8	static
WASM Module:aot_func_internal#493	40	static
WASM Module:aot_func#494	8	static
WASM Module:aot_func_internal#494	40	static
WASM Module:aot_func#495	8	static
WASM Module:aot_func_internal#495	24	static
WASM Module:aot_func#496	8	static
WASM Module:aot_func_internal#496	8	static
WASM Module:aot_func#497	8	static
WASM Module:aot_func_internal#497	24	static
WASM Module:aot_func#498	8	static
WASM Module:aot_func_internal#498	40	static
WASM Module:aot_func#499	8	static
WASM Module:aot_func_internal#499	56	static
WASM Module:aot_func#500	8	static
WASM Module:aot_func_internal#500	0	static
WASM Module:aot_func#501	8	static
WASM Module:aot_func_internal#501	56	static
WASM Module:aot_func#502	8	static
WASM Module:aot_func_internal#502	56	static
WASM Module:aot_func#503	8	static
WASM Module:aot_func_internal#503	56	static
WASM Module:aot_func#504	8	static
WASM Module:aot_func_internal#504	0	static
WASM Module:aot_func#505	8	static
WASM Module:aot_func_internal#505	24	static
WASM Module:aot_func#506	8	static
WASM Module:aot_func#507	8	static
WASM Module:aot_func_internal#507	88	static
WASM Module:aot_func#508	8	static
WASM Module:aot_func_internal#508	40	static
WASM Module:aot_func#509	8	static
WASM Module:aot_func_internal#509	56	static
WASM Module:aot_func#510	8	static
WASM Module:aot_func_internal#510	56	static
WASM Module:aot_func#511	8	static
WASM Module:aot_func_internal#511	88	static
WASM Module:aot_func#512	8	static
WASM Module:aot_func_internal#512	120	static
WASM Module:aot_func#513	8	static
WASM Module:aot_func_internal#513	104	static
WASM Module:aot_func#514	8	static
WASM Module:aot_func_internal#514	88	static
WASM Module:aot_func#515	8	static
WASM Module:aot_func_internal#515	120	static
WASM Module:aot_func#516	8	static
WASM Module:aot_func_internal#516	0	static
WASM Module:aot_func#517	8	static
WASM Module:aot_func_internal#517	88	static
WASM Module:aot_func#518	8	static
WASM Module:aot_func_internal#518	296	static
WASM Module:aot_func#519	8	static
WASM Module:aot_func_internal#519	24	static
WASM Module:aot_func#520	8	static
WASM Module:aot_func_internal#520	0	static
WASM Module:aot_func#521	8	static
WASM Module:aot_func_internal#521	88	static
WASM Module:aot_func#522	8	static
WASM Module:aot_func_internal#522	136	static
WASM Module:aot_func#523	8	static
WASM Module:aot_func_internal#523	104	static
WASM Module:aot_func#524	8	static
WASM Module:aot_func_internal#524	24	static
WASM Module:aot_func#525	8	static
WASM Module:aot_func_internal#525	88	static
WASM Module:aot_func#526	8	static
WASM Module:aot_func_internal#526	104	static
WASM Module:aot_func#527	8	static
WASM Module:aot_func_internal#527	56	static
WASM Module:aot_func#528	8	static
WASM Module:aot_func_internal#528	0	static
WASM Module:aot_func#529	8	static
WASM Module:aot_func_internal#529	56	static
WASM Module:aot_func#530	8	static
WASM Module:aot_func_internal#530	56	static
WASM Module:aot_func#531	8	static
WASM Module:aot_func_internal#531	72	static
WASM Module:aot_func#532	8	static
WASM Module:aot_func_internal#532	24	static
WASM Module:aot_func#533	8	static
WASM Module:aot_func_internal#533	40	static
WASM Module:aot_func#534	8	static
WASM Module:aot_func_internal#534	8	static
WASM Module:aot_func#535	8	static
WASM Module:aot_func#536	8	static
WASM Module:aot_func_internal#536	8	static
WASM Module:aot_func#537	8	static
WASM Module:aot_func_internal#537	8	static
WASM Module:aot_func#538	8	static
WASM Module:aot_func_internal#538	88	static
WASM Module:aot_func#539	8	static
WASM Module:aot_func_internal#539	0	static
WASM Module:aot_func#540	8	static
WASM Module:aot_func_internal#540	16	static
WASM Module:aot_func#541	8	static
WASM Module:aot_func_internal#541	40	static
WASM Module:aot_func#542	8	static
WASM Module:aot_func_internal#542	0	static
WASM Module:aot_func#543	8	static
WASM Module:aot_func_internal#543	72	static
WASM Module:aot_func#544	8	static
WASM Module:aot_func_internal#544	0	static
WASM Module:aot_func#545	8	static
WASM Module:aot_func_internal#545	72	static
WASM Module:aot_func#546	8	static
WASM Module:aot_func_internal#546	24	static
WASM Module:aot_func#547	8	static
WASM Module:aot_func_internal#547	56	static
WASM Module:aot_func#548	8	static
WASM Module:aot_func_internal#548	24	static
WASM Module:aot_func#549	8	static
WASM Module:aot_func_internal#549	8	static
WASM Module:aot_func#550	8	static
WASM Module:aot_func_internal#550	24	static
WASM Module:aot_func#551	8	static
WASM Module:aot_func_internal#551	24	static
WASM Module:aot_func#552	8	static
WASM Module:aot_func_internal#552	24	static
WASM Module:aot_func#553	8	static
WASM Module:aot_func_internal#553	24	static
WASM Module:aot_func#554	8	static
WASM Module:aot_func_internal#554	184	static
WASM Module:aot_func#555	8	static
WASM Module:aot_func_internal#555	24	static
WASM Module:aot_func#556	8	static
WASM Module:aot_func_internal#556	24	static
WASM Module:aot_func#557	8	static
WASM Module:aot_func_internal#557	24	static
WASM Module:aot_func#558	8	static
WASM Module:aot_func_internal#558	56	static
WASM Module:aot_func#559	8	static
WASM Module:aot_func_internal#559	24	static
WASM Module:aot_func#560	8	static
WASM Module:aot_func_internal#560	24	static
WASM Module:aot_func#561	8	static
WASM Module:aot_func_internal#561	40	static
WASM Module:aot_func#562	8	static
WASM Module:aot_func_internal#562	72	static
WASM Module:aot_func#563	8	static
WASM Module:aot_func_internal#563	72	static
WASM Module:aot_func#564	8	static
WASM Module:aot_func_internal#564	40	static
WASM Module:aot_func#565	8	static
WASM Module:aot_func_internal#565	88	static
WASM Module:aot_func#566	8	static
WASM Module:aot_func_internal#566	56	static
WASM Module:aot_func#567	8	static
WASM Module:aot_func_internal#567	8	static
WASM Module:aot_func#568	8	static
WASM Module:aot_func_internal#568	8	static
WASM Module:aot_func#569	8	static
WASM Module:aot_func_internal#569	104	static
WASM Module:aot_func#570	8	static
WASM Module:aot_func_internal#570	0	static
WASM Module:aot_func#571	8	static
WASM Module:aot_func_internal#571	0	static
WASM Module:aot_func#572	8	static
WASM Module:aot_func_internal#572	56	static
WASM Module:aot_func#573	8	static
WASM Module:aot_func_internal#573	88	static
WASM Module:aot_func#574	8	static
WASM Module:aot_func_internal#574	104	static
WASM Module:aot_func#575	8	static
WASM Module:aot_func_internal#575	72	static
WASM Module:aot_func#576	8	static
WASM Module:aot_func_internal#576	0	static
WASM Module:aot_func#577	8	static
WASM Module:aot_func_internal#577	72	static
WASM Module:aot_func#578	8	static
WASM Module:aot_func#579	8	static
WASM Module:aot_func_internal#579	0	static
WASM Module:aot_func#580	8	static
WASM Module:aot_func_internal#580	0	static
WASM Module:aot_func#581	8	static
WASM Module:aot_func_internal#581	72	static
WASM Module:aot_func#582	8	static
WASM Module:aot_func_internal#582	72	static
WASM Module:aot_func#583	8	static
WASM Module:aot_func_internal#583	72	static
WASM Module:aot_func#584	8	static
WASM Module:aot_func_internal#584	24	static
WASM Module:aot_func#585	8	static
WASM Module:aot_func_internal#585	56	static
WASM Module:aot_func#586	8	static
WASM Module:aot_func_internal#586	56	static
WASM Module:aot_func#587	8	static
WASM Module:aot_func_internal#587	56	static
WASM Module:aot_func#588	8	static
WASM Module:aot_func_internal#588	72	static
WASM Module:aot_func#589	8	static
WASM Module:aot_func_internal#589	0	static
WASM Module:aot_func#590	8	static
WASM Module:aot_func_internal#590	120	static
WASM Module:aot_func#591	8	static
WASM Module:aot_func_internal#591	40	static
WASM Module:aot_func#592	8	static
WASM Module:aot_func_internal#592	0	static
WASM Module:aot_func#593	8	static
WASM Module:aot_func_internal#593	56	static
WASM Module:aot_func#594	8	static
WASM Module:aot_func_internal#594	104	static
WASM Module:aot_func#595	8	static
WASM Module:aot_func_internal#595	32	static
WASM Module:aot_func#596	8	static
WASM Module:aot_func_internal#596	40	static
WASM Module:aot_func#597	8	static
WASM Module:aot_func_internal#597	136	static
WASM Module:aot_func#598	8	static
WASM Module:aot_func_internal#598	24	static
WASM Module:aot_func#599	8	static
WASM Module:aot_func_internal#599	56	static
WASM Module:aot_func#600	8	static
WASM Module:aot_func_internal#600	0	static
WASM Module:aot_func#601	8	static
WASM Module:aot_func_internal#601	24	static
WASM Module:aot_func#602	8	static
WASM Module:aot_func_internal#602	120	static
WASM Module:aot_func#603	8	static
WASM Module:aot_func_internal#603	0	static
WASM Module:aot_func#604	8	static
WASM Module:aot_func_internal#604	24	static
WASM Module:aot_func#605	8	static
WASM Module:aot_func_internal#605	72	static
WASM Module:aot_func#606	8	static
WASM Module:aot_func_internal#606	56	static
WASM Module:aot_func#607	8	static
WASM Module:aot_func_internal#607	24	static
WASM Module:aot_func#608	8	static
WASM Module:aot_func_internal#608	72	static
WASM Module:aot_func#609	8	static
WASM Module:aot_func_internal#609	40	static
WASM Module:aot_func#610	8	static
WASM Module:aot_func_internal#610	104	static
WASM Module:aot_func#611	8	static
WASM Module:aot_func_internal#611	56	static
WASM Module:aot_func#612	8	static
WASM Module:aot_func_internal#612	72	static
WASM Module:aot_func#613	8	static
WASM Module:aot_func_internal#613	24	static
WASM Module:aot_func#614	8	static
WASM Module:aot_func_internal#614	56	static
WASM Module:aot_func#615	8	static
WASM Module:aot_func_internal#615	72	static
WASM Module:aot_func#616	8	static
WASM Module:aot_func_internal#616	24	static
WASM Module:aot_func#617	8	static
WASM Module:aot_func_internal#617	40	static
WASM Module:aot_func#618	8	static
WASM Module:aot_func_internal#618	40	static
WASM Module:aot_func#619	8	static
WASM Module:aot_func_internal#619	56	static
WASM Module:aot_func#620	8	static
WASM Module:aot_func_internal#620	104	static
WASM Module:aot_func#621	8	static
WASM Module:aot_func_internal#621	24	static
WASM Module:aot_func#622	8	static
WASM Module:aot_func_internal#622	24	static
WASM Module:aot_func#623	8	static
WASM Module:aot_func_internal#623	104	static
WASM Module:aot_func#624	8	static
WASM Module:aot_func_internal#624	40	static
WASM Module:aot_func#625	8	static
WASM Module:aot_func_internal#625	40	static
WASM Module:aot_func#626	8	static
WASM Module:aot_func_internal#626	56	static
WASM Module:aot_func#627	8	static
WASM Module:aot_func_internal#627	24	static
WASM Module:aot_func#628	8	static
WASM Module:aot_func_internal#628	72	static
WASM Module:aot_func#629	8	static
WASM Module:aot_func_internal#629	56	static
WASM Module:aot_func#630	8	static
WASM Module:aot_func#631	8	static
WASM Module:aot_func_internal#631	0	static
WASM Module:aot_func#632	8	static
WASM Module:aot_func#633	8	static
WASM Module:aot_func_internal#633	72	static
WASM Module:aot_func#634	8	static
WASM Module:aot_func_internal#634	0	static
WASM Module:aot_func#635	8	static
WASM Module:aot_func_internal#635	16	static
WASM Module:aot_func#636	8	static
WASM Module:aot_func_internal#636	40	static
WASM Module:aot_func#637	8	static
WASM Module:aot_func#638	8	static
WASM Module:aot_func#639	8	static
WASM Module:aot_func_internal#639	0	static
WASM Module:aot_func#640	8	static
WASM Module:aot_func#641	8	static
WASM Module:aot_func#642	8	static
WASM Module:aot_func#643	8	static
WASM Module:aot_func#644	8	static
WASM Module:aot_func#645	8	static
WASM Module:aot_func#646	8	static
WASM Module:aot_func_internal#646	24	static
WASM Module:aot_func#647	8	static
WASM Module:aot_func_internal#647	0	static
WASM Module:aot_func#648	8	static
WASM Module:aot_func_internal#648	0	static
WASM Module:aot_func#649	8	static
WASM Module:aot_func_internal#649	24	static
WASM Module:aot_func#650	8	static
WASM Module:aot_func_internal#650	40	static
WASM Module:aot_func#651	8	static
WASM Module:aot_func_internal#651	24	static
WASM Module:aot_func#652	8	static
WASM Module:aot_func_internal#652	40	static
WASM Module:aot_func#653	8	static
WASM Module:aot_func_internal#653	0	static
WASM Module:aot_func#654	8	static
WASM Module:aot_func_internal#654	0	static
WASM Module:aot_func#655	8	static
WASM Module:aot_func_internal#655	0	static
WASM Module:aot_func#656	8	static
WASM Module:aot_func_internal#656	0	static
WASM Module:aot_func#657	8	static
WASM Module:aot_func_internal#657	24	static
WASM Module:aot_func#658	8	static
WASM Module:aot_func_internal#658	40	static
WASM Module:aot_func#659	8	static
WASM Module:aot_func_internal#659	40	static
WASM Module:aot_func#660	8	static
WASM Module:aot_func_internal#660	40	static
WASM Module:aot_func#661	8	static
WASM Module:aot_func_internal#661	40	static
WASM Module:aot_func#662	8	static
WASM Module:aot_func_internal#662	56	static
WASM Module:aot_func#663	8	static
WASM Module:aot_func#664	8	static
WASM Module:aot_func_internal#664	0	static
WASM Module:aot_func#665	8	static
WASM Module:aot_func_internal#665	120	static
WASM Module:aot_func#666	8	static
WASM Module:aot_func_internal#666	72	static
WASM Module:aot_func#667	8	static
WASM Module:aot_func_internal#667	40	static
WASM Module:aot_func#668	8	static
WASM Module:aot_func_internal#668	56	static
WASM Module:aot_func#669	8	static
WASM Module:aot_func_internal#669	56	static
WASM Module:aot_func#670	8	static
WASM Module:aot_func_internal#670	0	static
WASM Module:aot_func#671	8	static
WASM Module:aot_func_internal#671	8	static
WASM Module:aot_func#672	8	static
WASM Module:aot_func_internal#672	0	static
WASM Module:aot_func#673	8	static
WASM Module:aot_func_internal#673	0	static
WASM Module:aot_func#674	8	static
WASM Module:aot_func_internal#674	24	static
WASM Module:aot_func#675	8	static
WASM Module:aot_func_internal#675	40	static
WASM Module:aot_func#676	8	static
WASM Module:aot_func_internal#676	0	static
WASM Module:aot_func#677	8	static
WASM Module:aot_func_internal#677	0	static
WASM Module:aot_func#678	8	static
WASM Module:aot_func_internal#678	72	static
WASM Module:aot_func#679	8	static
WASM Module:aot_func_internal#679	0	static
WASM Module:aot_func#680	8	static
WASM Module:aot_func_internal#680	0	static
WASM Module:aot_func#681	8	static
WASM Module:aot_func_internal#681	0	static
WASM Module:aot_func#682	8	static
WASM Module:aot_func_internal#682	0	static
WASM Module:aot_func#683	8	static
WASM Module:aot_func_internal#683	0	static
WASM Module:aot_func#684	8	static
WASM Module:aot_func_internal#684	8	static
WASM Module:aot_func#685	8	static
WASM Module:aot_func_internal#685	40	static
WASM Module:aot_func#686	8	static
WASM Module:aot_func_internal#686	8	static
WASM Module:aot_func#687	8	static
WASM Module:aot_func_internal#687	8	static
WASM Module:aot_func#688	8	static
WASM Module:aot_func_internal#688	40	static
WASM Module:aot_func#689	8	static
WASM Module:aot_func_internal#689	40	static
WASM Module:aot_func#690	8	static
WASM Module:aot_func_internal#690	56	static
WASM Module:aot_func#691	8	static
WASM Module:aot_func_internal#691	40	static
WASM Module:aot_func#692	8	static
WASM Module:aot_func_internal#692	0	static
WASM Module:aot_func#693	8	static
WASM Module:aot_func_internal#693	0	static
WASM Module:aot_func#694	8	static
WASM Module:aot_func_internal#694	0	static
WASM Module:aot_func#695	8	static
WASM Module:aot_func_internal#695	0	static
WASM Module:aot_func#696	8	static
WASM Module:aot_func_internal#696	24	static
WASM Module:aot_func#697	8	static
WASM Module:aot_func_internal#697	8	static
WASM Module:aot_func#698	8	static
WASM Module:aot_func_internal#698	40	static
WASM Module:aot_func#699	8	static
WASM Module:aot_func_internal#699	104	static
WASM Module:aot_func#700	8	static
WASM Module:aot_func_internal#700	0	static
WASM Module:aot_func#701	8	static
WASM Module:aot_func_internal#701	104	static
WASM Module:aot_func#702	8	static
WASM Module:aot_func_internal#702	0	static
WASM Module:aot_func#703	8	static
WASM Module:aot_func_internal#703	8	static
WASM Module:aot_func#704	8	static
WASM Module:aot_func#705	8	static
WASM Module:aot_func_internal#705	0	static
WASM Module:aot_func#706	8	static
WASM Module:aot_func#707	8	static
WASM Module:aot_func#708	8	static
WASM Module:aot_func#709	8	static
WASM Module:aot_func#710	8	static
WASM Module:aot_func_internal#710	0	static
WASM Module:aot_func#711	8	static
WASM Module:aot_func#712	8	static
WASM Module:aot_func#713	8	static
WASM Module:aot_func#714	8	static
WASM Module:aot_func_internal#714	0	static
WASM Module:aot_func#715	8	static
WASM Module:aot_func#716	8	static
WASM Module:aot_func_internal#716	8	static
WASM Module:aot_func#717	8	static
WASM Module:aot_func_internal#717	88	static
WASM Module:aot_func#718	8	static
WASM Module:aot_func_internal#718	56	static
WASM Module:aot_func#719	8	static
WASM Module:aot_func_internal#719	0	static
WASM Module:aot_func#720	8	static
WASM Module:aot_func_internal#720	40	static
WASM Module:aot_func#721	8	static
WASM Module:aot_func_internal#721	40	static
WASM Module:aot_func#722	8	static
WASM Module:aot_func_internal#722	72	static
WASM Module:aot_func#723	8	static
WASM Module:aot_func_internal#723	40	static
WASM Module:aot_func#724	8	static
WASM Module:aot_func_internal#724	8	static
WASM Module:aot_func#725	8	static
WASM Module:aot_func_internal#725	56	static
WASM Module:aot_func#726	8	static
WASM Module:aot_func_internal#726	8	static
WASM Module:aot_func#727	8	static
WASM Module:aot_func_internal#727	56	static
WASM Module:aot_func#728	8	static
WASM Module:aot_func_internal#728	56	static
WASM Module:aot_func#729	8	static
WASM Module:aot_func_internal#729	72	static
WASM Module:aot_func#730	8	static
WASM Module:aot_func_internal#730	72	static
WASM Module:aot_func#731	8	static
WASM Module:aot_func_internal#731	72	static
WASM Module:aot_func#732	8	static
WASM Module:aot_func_internal#732	72	static
WASM Module:aot_func#733	8	static
WASM Module:aot_func_internal#733	88	static
WASM Module:aot_func#734	8	static
WASM Module:aot_func_internal#734	8	static
WASM Module:aot_func#735	8	static
WASM Module:aot_func_internal#735	56	static
WASM Module:aot_func#736	8	static
WASM Module:aot_func_internal#736	8	static
WASM Module:aot_func#737	8	static
WASM Module:aot_func_internal#737	40	static
WASM Module:aot_func#738	8	static
WASM Module:aot_func_internal#738	40	static
WASM Module:aot_func#739	8	static
WASM Module:aot_func_internal#739	24	static
WASM Module:aot_func#740	8	static
WASM Module:aot_func_internal#740	8	static
WASM Module:aot_func#741	8	static
WASM Module:aot_func_internal#741	0	static
WASM Module:aot_func#742	8	static
WASM Module:aot_func_internal#742	88	static
WASM Module:aot_func#743	8	static
WASM Module:aot_func_internal#743	56	static
WASM Module:aot_func#744	8	static
WASM Module:aot_func_internal#744	24	static
WASM Module:aot_func#745	8	static
WASM Module:aot_func_internal#745	88	static
WASM Module:aot_func#746	8	static
WASM Module:aot_func_internal#746	24	static
WASM Module:aot_func#747	8	static
WASM Module:aot_func_internal#747	0	static
WASM Module:aot_func#748	8	static
WASM Module:aot_func#749	8	static
WASM Module:aot_func_internal#749	24	static
WASM Module:aot_func#750	8	static
WASM Module:aot_func_internal#750	24	static
WASM Module:aot_func#751	8	static
WASM Module:aot_func#752	8	static
WASM Module:aot_func_internal#752	56	static
WASM Module:aot_func#753	8	static
WASM Module:aot_func_internal#753	88	static
WASM Module:aot_func#754	8	static
WASM Module:aot_func_internal#754	72	static
WASM Module:aot_func#755	8	static
WASM Module:aot_func_internal#755	8	static
WASM Module:aot_func#756	8	static
WASM Module:aot_func_internal#756	56	static
WASM Module:aot_func#757	8	static
WASM Module:aot_func_internal#757	56	static
WASM Module:aot_func#758	8	static
WASM Module:aot_func_internal#758	0	static
WASM Module:aot_func#759	8	static
WASM Module:aot_func_internal#759	40	static
WASM Mod